{"ev":"attach","ts":24740087.327,"pid":33144}
{"ev":"baseline","ts":24740087.587,"path":"C:\DATA\Python_File\Qoder_workspace\dlssnr-amd-lab\build\nr_host.exe"}
{"ev":"baseline","ts":24740087.620,"path":"C:\Windows\SYSTEM32\ntdll.dll"}
{"ev":"baseline","ts":24740087.633,"path":"C:\Windows\System32\KERNEL32.DLL"}
{"ev":"baseline","ts":24740087.645,"path":"C:\Windows\System32\KERNELBASE.dll"}
{"ev":"baseline","ts":24740087.657,"path":"C:\Windows\System32\ucrtbase.dll"}
{"ev":"baseline","ts":24740087.668,"path":"C:\Windows\SYSTEM32\dxgi.dll"}
{"ev":"baseline","ts":24740087.778,"path":"C:\Windows\SYSTEM32\d3d12.dll"}
{"ev":"baseline","ts":24740087.787,"path":"C:\Windows\SYSTEM32\MSVCP140.dll"}
{"ev":"baseline","ts":24740087.793,"path":"C:\Windows\System32\msvcp_win.dll"}
{"ev":"baseline","ts":24740087.799,"path":"C:\Windows\SYSTEM32\VCRUNTIME140.dll"}
{"ev":"baseline","ts":24740087.806,"path":"C:\Windows\System32\win32u.dll"}
{"ev":"baseline","ts":24740087.812,"path":"C:\Windows\SYSTEM32\VCRUNTIME140_1.dll"}
{"ev":"baseline","ts":24740087.818,"path":"C:\Windows\SYSTEM32\powrprof.dll"}
{"ev":"baseline","ts":24740087.823,"path":"C:\Windows\System32\RPCRT4.dll"}
{"ev":"baseline","ts":24740087.829,"path":"C:\Windows\SYSTEM32\UMPDC.dll"}
{"ev":"baseline","ts":24740087.835,"path":"C:\Windows\System32\gdi32.dll"}
{"ev":"baseline","ts":24740087.840,"path":"C:\Windows\System32\gdi32full.dll"}
{"ev":"baseline","ts":24740087.846,"path":"C:\Windows\System32\USER32.dll"}
{"ev":"baseline","ts":24740087.852,"path":"C:\Windows\System32\IMM32.DLL"}
{"ev":"baseline","ts":24740087.857,"path":"C:\Windows\SYSTEM32\dxcore.dll"}
{"ev":"baseline","ts":24740087.863,"path":"C:\Windows\SYSTEM32\directxdatabasehelper.dll"}
{"ev":"baseline","ts":24740087.868,"path":"C:\Windows\System32\combase.dll"}
{"ev":"baseline","ts":24740087.874,"path":"C:\Windows\SYSTEM32\kernel.appcore.dll"}
{"ev":"baseline","ts":24740087.879,"path":"C:\Windows\System32\msvcrt.dll"}
{"ev":"baseline","ts":24740087.885,"path":"C:\Windows\SYSTEM32\cfgmgr32.dll"}
{"ev":"baseline","ts":24740087.893,"path":"C:\Windows\System32\bcryptPrimitives.dll"}
{"ev":"baseline","ts":24740087.906,"path":"C:\DATA\Python_File\Qoder_workspace\dlssnr-amd-lab\build\module_trace.dll"}
{"ev":"hooks_installed","ts":24740087.998,"pid":33144}
